
> react-kavia@0.1.0 start
> cross-env EDIT_MODE=true webpack serve --config .ve/webpack.config.js --mode development

<i> [webpack-dev-server] Project is running at:
<i> [webpack-dev-server] Loopback: http://localhost:3000/, http://[::1]:3000/
<i> [webpack-dev-server] On Your Network (IPv4): http://172.17.0.2:3000/
<i> [webpack-dev-server] Content not from webpack is served from './public' directory
Injecting EditorRootWrapper import: ../.ve/EditorRootWrapper
asset bundle.js 2.4 MiB [emitted] (name: main)
asset index.html 1.98 KiB [emitted]
runtime modules 28.7 KiB 15 modules
orphan modules 1.06 KiB [orphan] 4 modules
modules by path ./node_modules/ 1.96 MiB 147 modules
modules by path ./src/ 72.9 KiB
  modules by path ./src/pages/*.jsx 49.1 KiB 8 modules
  modules by path ./src/*.css 15 KiB 4 modules
  modules by path ./src/components/*.jsx 4.03 KiB 2 modules
  + 3 modules
modules by path ./.ve/ 15.1 KiB
  modules by path ./.ve/*.js 10.6 KiB 2 modules
  modules by path ./.ve/*.css 2.93 KiB 2 modules
  ./.ve/EditorOverlay.jsx 1.58 KiB [built] [code generated]
webpack 5.99.9 compiled successfully in 1868 ms
assets by status 1.98 KiB [cached] 1 asset
assets by path *.js 2.41 MiB
  asset bundle.js 2.4 MiB [emitted] (name: main)
  asset main.39548e06656c247f32b7.hot-update.js 11.9 KiB [emitted] [immutable] [hmr] (name: main)
asset main.39548e06656c247f32b7.hot-update.json 28 bytes [emitted] [immutable] [hmr]
Entrypoint main 2.41 MiB = bundle.js 2.4 MiB main.39548e06656c247f32b7.hot-update.js 11.9 KiB
cached modules 2.04 MiB [cached] 172 modules
runtime modules 28.7 KiB 15 modules
./node_modules/css-loader/dist/cjs.js!./src/App.css 9.18 KiB [built] [code generated]
webpack 5.99.9 compiled successfully in 132 ms
assets by status 1.98 KiB [cached] 1 asset
assets by path *.js 2.4 MiB
  asset bundle.js 2.4 MiB [emitted] (name: main)
  asset main.3cfae37d9c5daf53186a.hot-update.js 3.77 KiB [emitted] [immutable] [hmr] (name: main)
asset main.3cfae37d9c5daf53186a.hot-update.json 28 bytes [emitted] [immutable] [hmr]
Entrypoint main 2.4 MiB = bundle.js 2.4 MiB main.3cfae37d9c5daf53186a.hot-update.js 3.77 KiB
cached modules 2.04 MiB [cached] 172 modules
runtime modules 28.7 KiB 15 modules
./node_modules/css-loader/dist/cjs.js!./src/index.css 1.36 KiB [built] [code generated]
webpack 5.99.9 compiled successfully in 64 ms
assets by status 1.98 KiB [cached] 1 asset
assets by path *.js 2.4 MiB
  asset bundle.js 2.4 MiB [emitted] (name: main)
  asset main.02fdb68de21b75193c64.hot-update.js 5.54 KiB [emitted] [immutable] [hmr] (name: main)
asset main.02fdb68de21b75193c64.hot-update.json 28 bytes [emitted] [immutable] [hmr]
Entrypoint main 2.4 MiB = bundle.js 2.4 MiB main.02fdb68de21b75193c64.hot-update.js 5.54 KiB
cached modules 2.04 MiB [cached] 172 modules
runtime modules 28.7 KiB 15 modules
./src/components/Navbar.jsx 3.03 KiB [built] [code generated]
webpack 5.99.9 compiled successfully in 72 ms
assets by status 1.98 KiB [cached] 1 asset
assets by path *.js 2.4 MiB
  asset bundle.js 2.4 MiB [emitted] (name: main)
  asset main.367c6b1aeb053f43f8e1.hot-update.js 8.64 KiB [emitted] [immutable] [hmr] (name: main)
asset main.367c6b1aeb053f43f8e1.hot-update.json 28 bytes [emitted] [immutable] [hmr]
Entrypoint main 2.4 MiB = bundle.js 2.4 MiB main.367c6b1aeb053f43f8e1.hot-update.js 8.64 KiB
cached modules 2.04 MiB [cached] 172 modules
runtime modules 28.7 KiB 15 modules
./src/pages/AuthorityDashboardPage.jsx 5.18 KiB [built] [code generated]
webpack 5.99.9 compiled successfully in 111 ms
assets by status 1.98 KiB [cached] 1 asset
assets by path *.js 2.41 MiB
  asset bundle.js 2.4 MiB [emitted] (name: main)
  asset main.0cb1b6d970c30ecb488b.hot-update.js 10.9 KiB [emitted] [immutable] [hmr] (name: main)
asset main.0cb1b6d970c30ecb488b.hot-update.json 28 bytes [emitted] [immutable] [hmr]
Entrypoint main 2.41 MiB = bundle.js 2.4 MiB main.0cb1b6d970c30ecb488b.hot-update.js 10.9 KiB
cached modules 2.04 MiB [cached] 172 modules
runtime modules 28.7 KiB 15 modules
./src/pages/HomePage.jsx 7.39 KiB [built] [code generated]
webpack 5.99.9 compiled successfully in 98 ms
assets by status 2.4 MiB [cached] 2 assets
cached modules 2.04 MiB (javascript) 28.7 KiB (runtime) [cached] 187 modules
./src/pages/HomePage.jsx 7.39 KiB [built]
webpack 5.99.9 compiled successfully in 70 ms
assets by status 1.98 KiB [cached] 1 asset
assets by path *.js 2.41 MiB
  asset bundle.js 2.4 MiB [emitted] (name: main)
  asset main.1c012cda7c92132c6371.hot-update.js 11.1 KiB [emitted] [immutable] [hmr] (name: main)
asset main.1c012cda7c92132c6371.hot-update.json 28 bytes [emitted] [immutable] [hmr]
Entrypoint main 2.41 MiB = bundle.js 2.4 MiB main.1c012cda7c92132c6371.hot-update.js 11.1 KiB
cached modules 2.04 MiB [cached] 172 modules
runtime modules 28.7 KiB 15 modules
./src/pages/HomePage.jsx 7.6 KiB [built] [code generated]
webpack 5.99.9 compiled successfully in 64 ms
assets by status 2.4 MiB [cached] 2 assets
cached modules 2.04 MiB (javascript) 28.7 KiB (runtime) [cached] 187 modules
./src/pages/HomePage.jsx 7.6 KiB [built]
webpack 5.99.9 compiled successfully in 54 ms
assets by status 1.98 KiB [cached] 1 asset
assets by path *.js 2.41 MiB
  asset bundle.js 2.4 MiB [emitted] (name: main)
  asset main.6c1c390c0ca50b616f98.hot-update.js 11.4 KiB [emitted] [immutable] [hmr] (name: main)
asset main.6c1c390c0ca50b616f98.hot-update.json 28 bytes [emitted] [immutable] [hmr]
Entrypoint main 2.41 MiB = bundle.js 2.4 MiB main.6c1c390c0ca50b616f98.hot-update.js 11.4 KiB
cached modules 2.04 MiB [cached] 172 modules
runtime modules 28.7 KiB 15 modules
./src/pages/HomePage.jsx 7.82 KiB [built] [code generated]
webpack 5.99.9 compiled successfully in 57 ms
