
> react-kavia@0.1.0 start
> cross-env EDIT_MODE=true webpack serve --config .ve/webpack.config.js --mode development

<i> [webpack-dev-server] Project is running at:
<i> [webpack-dev-server] Loopback: http://localhost:3000/, http://[::1]:3000/
<i> [webpack-dev-server] On Your Network (IPv4): http://172.17.0.2:3000/
<i> [webpack-dev-server] Content not from webpack is served from './public' directory
Injecting EditorRootWrapper import: ../.ve/EditorRootWrapper
asset bundle.js 2.45 MiB [emitted] (name: main)
asset index.html 1.98 KiB [emitted]
runtime modules 28.7 KiB 15 modules
orphan modules 1.06 KiB [orphan] 4 modules
modules by path ./node_modules/ 1.96 MiB 147 modules
modules by path ./src/ 118 KiB
  modules by path ./src/pages/*.jsx 83.4 KiB 8 modules
  modules by path ./src/*.css 18 KiB 4 modules
  modules by path ./src/components/*.jsx 11.4 KiB 4 modules
  + 3 modules
modules by path ./.ve/ 15.1 KiB
  modules by path ./.ve/*.js 10.6 KiB 2 modules
  modules by path ./.ve/*.css 2.93 KiB
    ./.ve/EditorOverlay.css 2.25 KiB [built] [code generated]
    ./node_modules/css-loader/dist/cjs.js!./.ve/EditorOverlay.css 697 bytes [built] [code generated]
  ./.ve/EditorOverlay.jsx 1.58 KiB [built] [code generated]
webpack 5.99.9 compiled successfully in 1877 ms
assets by status 1.98 KiB [cached] 1 asset
assets by path *.js 1.4 MiB
  asset bundle.js 1.39 MiB [emitted] (name: main)
  asset main.b8ad81d63b215051885e.hot-update.js 12.8 KiB [emitted] [immutable] [hmr] (name: main)
asset main.b8ad81d63b215051885e.hot-update.json 7.04 KiB [emitted] [immutable] [hmr]
Entrypoint main 1.4 MiB = bundle.js 1.39 MiB main.b8ad81d63b215051885e.hot-update.js 12.8 KiB
cached modules 1.26 MiB [cached] 38 modules
runtime modules 27.5 KiB 14 modules
javascript modules 569 bytes
  ./src/index.js 530 bytes [code generated]
  ./src/App.jsx 39 bytes [built] [code generated] [1 error]

ERROR in ./src/App.jsx
Module build failed (from ./node_modules/babel-loader/lib/index.js):
SyntaxError: /home/kavia/workspace/code-generation/civicsense-platform-349-d380cb41/citizen_authority_frontend_workspace/citizen_authority_frontend/src/App.jsx: Unexpected token (39:17)

  37 |             This route presents the dedicated deleted issues list for authorities only.
  38 |           */}
> 39 |           <import('./pages/DeletedIssuesPage').then(m => <m.default />) />
     |                  ^
  40 |         </ProtectedRoute>} />
  41 |         <Route path="/issue/:id" element={<ProtectedRoute role="authority"><IssueDetailPage /></ProtectedRoute>} />
  42 |         {/* Catch-all for client-side 404: renders HomePage or a NotFound component */}
    at constructor (/home/kavia/workspace/code-generation/civicsense-platform-349-d380cb41/citizen_authority_frontend_workspace/citizen_authority_frontend/node_modules/@babel/parser/lib/index.js:363:19)
    at JSXParserMixin.raise (/home/kavia/workspace/code-generation/civicsense-platform-349-d380cb41/citizen_authority_frontend_workspace/citizen_authority_frontend/node_modules/@babel/parser/lib/index.js:6609:19)
    at JSXParserMixin.unexpected (/home/kavia/workspace/code-generation/civicsense-platform-349-d380cb41/citizen_authority_frontend_workspace/citizen_authority_frontend/node_modules/@babel/parser/lib/index.js:6629:16)
    at JSXParserMixin.jsxParseIdentifier (/home/kavia/workspace/code-generation/civicsense-platform-349-d380cb41/citizen_authority_frontend_workspace/citizen_authority_frontend/node_modules/@babel/parser/lib/index.js:4581:12)
    at JSXParserMixin.jsxParseNamespacedName (/home/kavia/workspace/code-generation/civicsense-platform-349-d380cb41/citizen_authority_frontend_workspace/citizen_authority_frontend/node_modules/@babel/parser/lib/index.js:4588:23)
    at JSXParserMixin.jsxParseAttribute (/home/kavia/workspace/code-generation/civicsense-platform-349-d380cb41/citizen_authority_frontend_workspace/citizen_authority_frontend/node_modules/@babel/parser/lib/index.js:4664:22)
    at JSXParserMixin.jsxParseOpeningElementAfterName (/home/kavia/workspace/code-generation/civicsense-platform-349-d380cb41/citizen_authority_frontend_workspace/citizen_authority_frontend/node_modules/@babel/parser/lib/index.js:4679:28)
    at JSXParserMixin.jsxParseOpeningElementAt (/home/kavia/workspace/code-generation/civicsense-platform-349-d380cb41/citizen_authority_frontend_workspace/citizen_authority_frontend/node_modules/@babel/parser/lib/index.js:4674:17)
    at JSXParserMixin.jsxParseElementAt (/home/kavia/workspace/code-generation/civicsense-platform-349-d380cb41/citizen_authority_frontend_workspace/citizen_authority_frontend/node_modules/@babel/parser/lib/index.js:4698:33)
    at JSXParserMixin.jsxParseElementAt (/home/kavia/workspace/code-generation/civicsense-platform-349-d380cb41/citizen_authority_frontend_workspace/citizen_authority_frontend/node_modules/@babel/parser/lib/index.js:4710:32)
    at JSXParserMixin.jsxParseElement (/home/kavia/workspace/code-generation/civicsense-platform-349-d380cb41/citizen_authority_frontend_workspace/citizen_authority_frontend/node_modules/@babel/parser/lib/index.js:4761:17)
    at JSXParserMixin.parseExprAtom (/home/kavia/workspace/code-generation/civicsense-platform-349-d380cb41/citizen_authority_frontend_workspace/citizen_authority_frontend/node_modules/@babel/parser/lib/index.js:4771:19)
    at JSXParserMixin.parseExprSubscripts (/home/kavia/workspace/code-generation/civicsense-platform-349-d380cb41/citizen_authority_frontend_workspace/citizen_authority_frontend/node_modules/@babel/parser/lib/index.js:11012:23)
    at JSXParserMixin.parseUpdate (/home/kavia/workspace/code-generation/civicsense-platform-349-d380cb41/citizen_authority_frontend_workspace/citizen_authority_frontend/node_modules/@babel/parser/lib/index.js:10997:21)
    at JSXParserMixin.parseMaybeUnary (/home/kavia/workspace/code-generation/civicsense-platform-349-d380cb41/citizen_authority_frontend_workspace/citizen_authority_frontend/node_modules/@babel/parser/lib/index.js:10977:23)
    at JSXParserMixin.parseMaybeUnaryOrPrivate (/home/kavia/workspace/code-generation/civicsense-platform-349-d380cb41/citizen_authority_frontend_workspace/citizen_authority_frontend/node_modules/@babel/parser/lib/index.js:10830:61)
    at JSXParserMixin.parseExprOps (/home/kavia/workspace/code-generation/civicsense-platform-349-d380cb41/citizen_authority_frontend_workspace/citizen_authority_frontend/node_modules/@babel/parser/lib/index.js:10835:23)
    at JSXParserMixin.parseMaybeConditional (/home/kavia/workspace/code-generation/civicsense-platform-349-d380cb41/citizen_authority_frontend_workspace/citizen_authority_frontend/node_modules/@babel/parser/lib/index.js:10812:23)
    at JSXParserMixin.parseMaybeAssign (/home/kavia/workspace/code-generation/civicsense-platform-349-d380cb41/citizen_authority_frontend_workspace/citizen_authority_frontend/node_modules/@babel/parser/lib/index.js:10765:21)
    at JSXParserMixin.parseExpressionBase (/home/kavia/workspace/code-generation/civicsense-platform-349-d380cb41/citizen_authority_frontend_workspace/citizen_authority_frontend/node_modules/@babel/parser/lib/index.js:10718:23)
    at /home/kavia/workspace/code-generation/civicsense-platform-349-d380cb41/citizen_authority_frontend_workspace/citizen_authority_frontend/node_modules/@babel/parser/lib/index.js:10714:39
    at JSXParserMixin.allowInAnd (/home/kavia/workspace/code-generation/civicsense-platform-349-d380cb41/citizen_authority_frontend_workspace/citizen_authority_frontend/node_modules/@babel/parser/lib/index.js:12361:12)
    at JSXParserMixin.parseExpression (/home/kavia/workspace/code-generation/civicsense-platform-349-d380cb41/citizen_authority_frontend_workspace/citizen_authority_frontend/node_modules/@babel/parser/lib/index.js:10714:17)
    at JSXParserMixin.jsxParseExpressionContainer (/home/kavia/workspace/code-generation/civicsense-platform-349-d380cb41/citizen_authority_frontend_workspace/citizen_authority_frontend/node_modules/@babel/parser/lib/index.js:4644:31)
    at JSXParserMixin.jsxParseAttributeValue (/home/kavia/workspace/code-generation/civicsense-platform-349-d380cb41/citizen_authority_frontend_workspace/citizen_authority_frontend/node_modules/@babel/parser/lib/index.js:4616:21)
    at JSXParserMixin.jsxParseAttribute (/home/kavia/workspace/code-generation/civicsense-platform-349-d380cb41/citizen_authority_frontend_workspace/citizen_authority_frontend/node_modules/@babel/parser/lib/index.js:4665:38)
    at JSXParserMixin.jsxParseOpeningElementAfterName (/home/kavia/workspace/code-generation/civicsense-platform-349-d380cb41/citizen_authority_frontend_workspace/citizen_authority_frontend/node_modules/@babel/parser/lib/index.js:4679:28)
    at JSXParserMixin.jsxParseOpeningElementAt (/home/kavia/workspace/code-generation/civicsense-platform-349-d380cb41/citizen_authority_frontend_workspace/citizen_authority_frontend/node_modules/@babel/parser/lib/index.js:4674:17)
    at JSXParserMixin.jsxParseElementAt (/home/kavia/workspace/code-generation/civicsense-platform-349-d380cb41/citizen_authority_frontend_workspace/citizen_authority_frontend/node_modules/@babel/parser/lib/index.js:4698:33)
    at JSXParserMixin.jsxParseElementAt (/home/kavia/workspace/code-generation/civicsense-platform-349-d380cb41/citizen_authority_frontend_workspace/citizen_authority_frontend/node_modules/@babel/parser/lib/index.js:4710:32)
    at JSXParserMixin.jsxParseElementAt (/home/kavia/workspace/code-generation/civicsense-platform-349-d380cb41/citizen_authority_frontend_workspace/citizen_authority_frontend/node_modules/@babel/parser/lib/index.js:4710:32)
    at JSXParserMixin.jsxParseElement (/home/kavia/workspace/code-generation/civicsense-platform-349-d380cb41/citizen_authority_frontend_workspace/citizen_authority_frontend/node_modules/@babel/parser/lib/index.js:4761:17)
    at JSXParserMixin.parseExprAtom (/home/kavia/workspace/code-generation/civicsense-platform-349-d380cb41/citizen_authority_frontend_workspace/citizen_authority_frontend/node_modules/@babel/parser/lib/index.js:4771:19)
    at JSXParserMixin.parseExprSubscripts (/home/kavia/workspace/code-generation/civicsense-platform-349-d380cb41/citizen_authority_frontend_workspace/citizen_authority_frontend/node_modules/@babel/parser/lib/index.js:11012:23)
    at JSXParserMixin.parseUpdate (/home/kavia/workspace/code-generation/civicsense-platform-349-d380cb41/citizen_authority_frontend_workspace/citizen_authority_frontend/node_modules/@babel/parser/lib/index.js:10997:21)
    at JSXParserMixin.parseMaybeUnary (/home/kavia/workspace/code-generation/civicsense-platform-349-d380cb41/citizen_authority_frontend_workspace/citizen_authority_frontend/node_modules/@babel/parser/lib/index.js:10977:23)
    at JSXParserMixin.parseMaybeUnaryOrPrivate (/home/kavia/workspace/code-generation/civicsense-platform-349-d380cb41/citizen_authority_frontend_workspace/citizen_authority_frontend/node_modules/@babel/parser/lib/index.js:10830:61)
    at JSXParserMixin.parseExprOps (/home/kavia/workspace/code-generation/civicsense-platform-349-d380cb41/citizen_authority_frontend_workspace/citizen_authority_frontend/node_modules/@babel/parser/lib/index.js:10835:23)
    at JSXParserMixin.parseMaybeConditional (/home/kavia/workspace/code-generation/civicsense-platform-349-d380cb41/citizen_authority_frontend_workspace/citizen_authority_frontend/node_modules/@babel/parser/lib/index.js:10812:23)
    at JSXParserMixin.parseMaybeAssign (/home/kavia/workspace/code-generation/civicsense-platform-349-d380cb41/citizen_authority_frontend_workspace/citizen_authority_frontend/node_modules/@babel/parser/lib/index.js:10765:21)
    at /home/kavia/workspace/code-generation/civicsense-platform-349-d380cb41/citizen_authority_frontend_workspace/citizen_authority_frontend/node_modules/@babel/parser/lib/index.js:10734:39
    at JSXParserMixin.allowInAnd (/home/kavia/workspace/code-generation/civicsense-platform-349-d380cb41/citizen_authority_frontend_workspace/citizen_authority_frontend/node_modules/@babel/parser/lib/index.js:12361:12)
    at JSXParserMixin.parseMaybeAssignAllowIn (/home/kavia/workspace/code-generation/civicsense-platform-349-d380cb41/citizen_authority_frontend_workspace/citizen_authority_frontend/node_modules/@babel/parser/lib/index.js:10734:17)
    at JSXParserMixin.parseParenAndDistinguishExpression (/home/kavia/workspace/code-generation/civicsense-platform-349-d380cb41/citizen_authority_frontend_workspace/citizen_authority_frontend/node_modules/@babel/parser/lib/index.js:11608:28)
    at JSXParserMixin.parseExprAtom (/home/kavia/workspace/code-generation/civicsense-platform-349-d380cb41/citizen_authority_frontend_workspace/citizen_authority_frontend/node_modules/@babel/parser/lib/index.js:11262:23)
    at JSXParserMixin.parseExprAtom (/home/kavia/workspace/code-generation/civicsense-platform-349-d380cb41/citizen_authority_frontend_workspace/citizen_authority_frontend/node_modules/@babel/parser/lib/index.js:4776:20)
    at JSXParserMixin.parseExprSubscripts (/home/kavia/workspace/code-generation/civicsense-platform-349-d380cb41/citizen_authority_frontend_workspace/citizen_authority_frontend/node_modules/@babel/parser/lib/index.js:11012:23)
    at JSXParserMixin.parseUpdate (/home/kavia/workspace/code-generation/civicsense-platform-349-d380cb41/citizen_authority_frontend_workspace/citizen_authority_frontend/node_modules/@babel/parser/lib/index.js:10997:21)
    at JSXParserMixin.parseMaybeUnary (/home/kavia/workspace/code-generation/civicsense-platform-349-d380cb41/citizen_authority_frontend_workspace/citizen_authority_frontend/node_modules/@babel/parser/lib/index.js:10977:23)
    at JSXParserMixin.parseMaybeUnaryOrPrivate (/home/kavia/workspace/code-generation/civicsense-platform-349-d380cb41/citizen_authority_frontend_workspace/citizen_authority_frontend/node_modules/@babel/parser/lib/index.js:10830:61)
 @ ./src/index.js 5:0-24 11:32-35

webpack 5.99.9 compiled with 1 error in 78 ms
assets by status 1.98 KiB [cached] 1 asset
assets by path *.js 1.39 MiB
  asset bundle.js 1.39 MiB [emitted] (name: main)
  asset main.b566785dbe95e1dd99fa.hot-update.js 854 bytes [emitted] [immutable] [hmr] (name: main)
asset main.b566785dbe95e1dd99fa.hot-update.json 28 bytes [emitted] [immutable] [hmr]
Entrypoint main 1.39 MiB = bundle.js 1.39 MiB main.b566785dbe95e1dd99fa.hot-update.js 854 bytes
cached modules 1.26 MiB [cached] 39 modules
runtime modules 27.5 KiB 14 modules
./src/App.jsx 39 bytes [built] [1 error]

ERROR in ./src/App.jsx
Module build failed (from ./node_modules/babel-loader/lib/index.js):
SyntaxError: /home/kavia/workspace/code-generation/civicsense-platform-349-d380cb41/citizen_authority_frontend_workspace/citizen_authority_frontend/src/App.jsx: Unexpected token (40:17)

  38 |             This route presents the dedicated deleted issues list for authorities only.
  39 |           */}
> 40 |           <import('./pages/DeletedIssuesPage').then(m => <m.default />) />
     |                  ^
  41 |         </ProtectedRoute>} />
  42 |         <Route path="/issue/:id" element={<ProtectedRoute role="authority"><IssueDetailPage /></ProtectedRoute>} />
  43 |         {/* Catch-all for client-side 404: renders HomePage or a NotFound component */}
    at constructor (/home/kavia/workspace/code-generation/civicsense-platform-349-d380cb41/citizen_authority_frontend_workspace/citizen_authority_frontend/node_modules/@babel/parser/lib/index.js:363:19)
    at JSXParserMixin.raise (/home/kavia/workspace/code-generation/civicsense-platform-349-d380cb41/citizen_authority_frontend_workspace/citizen_authority_frontend/node_modules/@babel/parser/lib/index.js:6609:19)
    at JSXParserMixin.unexpected (/home/kavia/workspace/code-generation/civicsense-platform-349-d380cb41/citizen_authority_frontend_workspace/citizen_authority_frontend/node_modules/@babel/parser/lib/index.js:6629:16)
    at JSXParserMixin.jsxParseIdentifier (/home/kavia/workspace/code-generation/civicsense-platform-349-d380cb41/citizen_authority_frontend_workspace/citizen_authority_frontend/node_modules/@babel/parser/lib/index.js:4581:12)
    at JSXParserMixin.jsxParseNamespacedName (/home/kavia/workspace/code-generation/civicsense-platform-349-d380cb41/citizen_authority_frontend_workspace/citizen_authority_frontend/node_modules/@babel/parser/lib/index.js:4588:23)
    at JSXParserMixin.jsxParseAttribute (/home/kavia/workspace/code-generation/civicsense-platform-349-d380cb41/citizen_authority_frontend_workspace/citizen_authority_frontend/node_modules/@babel/parser/lib/index.js:4664:22)
    at JSXParserMixin.jsxParseOpeningElementAfterName (/home/kavia/workspace/code-generation/civicsense-platform-349-d380cb41/citizen_authority_frontend_workspace/citizen_authority_frontend/node_modules/@babel/parser/lib/index.js:4679:28)
    at JSXParserMixin.jsxParseOpeningElementAt (/home/kavia/workspace/code-generation/civicsense-platform-349-d380cb41/citizen_authority_frontend_workspace/citizen_authority_frontend/node_modules/@babel/parser/lib/index.js:4674:17)
    at JSXParserMixin.jsxParseElementAt (/home/kavia/workspace/code-generation/civicsense-platform-349-d380cb41/citizen_authority_frontend_workspace/citizen_authority_frontend/node_modules/@babel/parser/lib/index.js:4698:33)
    at JSXParserMixin.jsxParseElementAt (/home/kavia/workspace/code-generation/civicsense-platform-349-d380cb41/citizen_authority_frontend_workspace/citizen_authority_frontend/node_modules/@babel/parser/lib/index.js:4710:32)
    at JSXParserMixin.jsxParseElement (/home/kavia/workspace/code-generation/civicsense-platform-349-d380cb41/citizen_authority_frontend_workspace/citizen_authority_frontend/node_modules/@babel/parser/lib/index.js:4761:17)
    at JSXParserMixin.parseExprAtom (/home/kavia/workspace/code-generation/civicsense-platform-349-d380cb41/citizen_authority_frontend_workspace/citizen_authority_frontend/node_modules/@babel/parser/lib/index.js:4771:19)
    at JSXParserMixin.parseExprSubscripts (/home/kavia/workspace/code-generation/civicsense-platform-349-d380cb41/citizen_authority_frontend_workspace/citizen_authority_frontend/node_modules/@babel/parser/lib/index.js:11012:23)
    at JSXParserMixin.parseUpdate (/home/kavia/workspace/code-generation/civicsense-platform-349-d380cb41/citizen_authority_frontend_workspace/citizen_authority_frontend/node_modules/@babel/parser/lib/index.js:10997:21)
    at JSXParserMixin.parseMaybeUnary (/home/kavia/workspace/code-generation/civicsense-platform-349-d380cb41/citizen_authority_frontend_workspace/citizen_authority_frontend/node_modules/@babel/parser/lib/index.js:10977:23)
    at JSXParserMixin.parseMaybeUnaryOrPrivate (/home/kavia/workspace/code-generation/civicsense-platform-349-d380cb41/citizen_authority_frontend_workspace/citizen_authority_frontend/node_modules/@babel/parser/lib/index.js:10830:61)
    at JSXParserMixin.parseExprOps (/home/kavia/workspace/code-generation/civicsense-platform-349-d380cb41/citizen_authority_frontend_workspace/citizen_authority_frontend/node_modules/@babel/parser/lib/index.js:10835:23)
    at JSXParserMixin.parseMaybeConditional (/home/kavia/workspace/code-generation/civicsense-platform-349-d380cb41/citizen_authority_frontend_workspace/citizen_authority_frontend/node_modules/@babel/parser/lib/index.js:10812:23)
    at JSXParserMixin.parseMaybeAssign (/home/kavia/workspace/code-generation/civicsense-platform-349-d380cb41/citizen_authority_frontend_workspace/citizen_authority_frontend/node_modules/@babel/parser/lib/index.js:10765:21)
    at JSXParserMixin.parseExpressionBase (/home/kavia/workspace/code-generation/civicsense-platform-349-d380cb41/citizen_authority_frontend_workspace/citizen_authority_frontend/node_modules/@babel/parser/lib/index.js:10718:23)
    at /home/kavia/workspace/code-generation/civicsense-platform-349-d380cb41/citizen_authority_frontend_workspace/citizen_authority_frontend/node_modules/@babel/parser/lib/index.js:10714:39
    at JSXParserMixin.allowInAnd (/home/kavia/workspace/code-generation/civicsense-platform-349-d380cb41/citizen_authority_frontend_workspace/citizen_authority_frontend/node_modules/@babel/parser/lib/index.js:12361:12)
    at JSXParserMixin.parseExpression (/home/kavia/workspace/code-generation/civicsense-platform-349-d380cb41/citizen_authority_frontend_workspace/citizen_authority_frontend/node_modules/@babel/parser/lib/index.js:10714:17)
    at JSXParserMixin.jsxParseExpressionContainer (/home/kavia/workspace/code-generation/civicsense-platform-349-d380cb41/citizen_authority_frontend_workspace/citizen_authority_frontend/node_modules/@babel/parser/lib/index.js:4644:31)
    at JSXParserMixin.jsxParseAttributeValue (/home/kavia/workspace/code-generation/civicsense-platform-349-d380cb41/citizen_authority_frontend_workspace/citizen_authority_frontend/node_modules/@babel/parser/lib/index.js:4616:21)
    at JSXParserMixin.jsxParseAttribute (/home/kavia/workspace/code-generation/civicsense-platform-349-d380cb41/citizen_authority_frontend_workspace/citizen_authority_frontend/node_modules/@babel/parser/lib/index.js:4665:38)
    at JSXParserMixin.jsxParseOpeningElementAfterName (/home/kavia/workspace/code-generation/civicsense-platform-349-d380cb41/citizen_authority_frontend_workspace/citizen_authority_frontend/node_modules/@babel/parser/lib/index.js:4679:28)
    at JSXParserMixin.jsxParseOpeningElementAt (/home/kavia/workspace/code-generation/civicsense-platform-349-d380cb41/citizen_authority_frontend_workspace/citizen_authority_frontend/node_modules/@babel/parser/lib/index.js:4674:17)
    at JSXParserMixin.jsxParseElementAt (/home/kavia/workspace/code-generation/civicsense-platform-349-d380cb41/citizen_authority_frontend_workspace/citizen_authority_frontend/node_modules/@babel/parser/lib/index.js:4698:33)
    at JSXParserMixin.jsxParseElementAt (/home/kavia/workspace/code-generation/civicsense-platform-349-d380cb41/citizen_authority_frontend_workspace/citizen_authority_frontend/node_modules/@babel/parser/lib/index.js:4710:32)
    at JSXParserMixin.jsxParseElementAt (/home/kavia/workspace/code-generation/civicsense-platform-349-d380cb41/citizen_authority_frontend_workspace/citizen_authority_frontend/node_modules/@babel/parser/lib/index.js:4710:32)
    at JSXParserMixin.jsxParseElement (/home/kavia/workspace/code-generation/civicsense-platform-349-d380cb41/citizen_authority_frontend_workspace/citizen_authority_frontend/node_modules/@babel/parser/lib/index.js:4761:17)
    at JSXParserMixin.parseExprAtom (/home/kavia/workspace/code-generation/civicsense-platform-349-d380cb41/citizen_authority_frontend_workspace/citizen_authority_frontend/node_modules/@babel/parser/lib/index.js:4771:19)
    at JSXParserMixin.parseExprSubscripts (/home/kavia/workspace/code-generation/civicsense-platform-349-d380cb41/citizen_authority_frontend_workspace/citizen_authority_frontend/node_modules/@babel/parser/lib/index.js:11012:23)
    at JSXParserMixin.parseUpdate (/home/kavia/workspace/code-generation/civicsense-platform-349-d380cb41/citizen_authority_frontend_workspace/citizen_authority_frontend/node_modules/@babel/parser/lib/index.js:10997:21)
    at JSXParserMixin.parseMaybeUnary (/home/kavia/workspace/code-generation/civicsense-platform-349-d380cb41/citizen_authority_frontend_workspace/citizen_authority_frontend/node_modules/@babel/parser/lib/index.js:10977:23)
    at JSXParserMixin.parseMaybeUnaryOrPrivate (/home/kavia/workspace/code-generation/civicsense-platform-349-d380cb41/citizen_authority_frontend_workspace/citizen_authority_frontend/node_modules/@babel/parser/lib/index.js:10830:61)
    at JSXParserMixin.parseExprOps (/home/kavia/workspace/code-generation/civicsense-platform-349-d380cb41/citizen_authority_frontend_workspace/citizen_authority_frontend/node_modules/@babel/parser/lib/index.js:10835:23)
    at JSXParserMixin.parseMaybeConditional (/home/kavia/workspace/code-generation/civicsense-platform-349-d380cb41/citizen_authority_frontend_workspace/citizen_authority_frontend/node_modules/@babel/parser/lib/index.js:10812:23)
    at JSXParserMixin.parseMaybeAssign (/home/kavia/workspace/code-generation/civicsense-platform-349-d380cb41/citizen_authority_frontend_workspace/citizen_authority_frontend/node_modules/@babel/parser/lib/index.js:10765:21)
    at /home/kavia/workspace/code-generation/civicsense-platform-349-d380cb41/citizen_authority_frontend_workspace/citizen_authority_frontend/node_modules/@babel/parser/lib/index.js:10734:39
    at JSXParserMixin.allowInAnd (/home/kavia/workspace/code-generation/civicsense-platform-349-d380cb41/citizen_authority_frontend_workspace/citizen_authority_frontend/node_modules/@babel/parser/lib/index.js:12361:12)
    at JSXParserMixin.parseMaybeAssignAllowIn (/home/kavia/workspace/code-generation/civicsense-platform-349-d380cb41/citizen_authority_frontend_workspace/citizen_authority_frontend/node_modules/@babel/parser/lib/index.js:10734:17)
    at JSXParserMixin.parseParenAndDistinguishExpression (/home/kavia/workspace/code-generation/civicsense-platform-349-d380cb41/citizen_authority_frontend_workspace/citizen_authority_frontend/node_modules/@babel/parser/lib/index.js:11608:28)
    at JSXParserMixin.parseExprAtom (/home/kavia/workspace/code-generation/civicsense-platform-349-d380cb41/citizen_authority_frontend_workspace/citizen_authority_frontend/node_modules/@babel/parser/lib/index.js:11262:23)
    at JSXParserMixin.parseExprAtom (/home/kavia/workspace/code-generation/civicsense-platform-349-d380cb41/citizen_authority_frontend_workspace/citizen_authority_frontend/node_modules/@babel/parser/lib/index.js:4776:20)
    at JSXParserMixin.parseExprSubscripts (/home/kavia/workspace/code-generation/civicsense-platform-349-d380cb41/citizen_authority_frontend_workspace/citizen_authority_frontend/node_modules/@babel/parser/lib/index.js:11012:23)
    at JSXParserMixin.parseUpdate (/home/kavia/workspace/code-generation/civicsense-platform-349-d380cb41/citizen_authority_frontend_workspace/citizen_authority_frontend/node_modules/@babel/parser/lib/index.js:10997:21)
    at JSXParserMixin.parseMaybeUnary (/home/kavia/workspace/code-generation/civicsense-platform-349-d380cb41/citizen_authority_frontend_workspace/citizen_authority_frontend/node_modules/@babel/parser/lib/index.js:10977:23)
    at JSXParserMixin.parseMaybeUnaryOrPrivate (/home/kavia/workspace/code-generation/civicsense-platform-349-d380cb41/citizen_authority_frontend_workspace/citizen_authority_frontend/node_modules/@babel/parser/lib/index.js:10830:61)
 @ ./src/index.js 5:0-24 11:32-35

webpack 5.99.9 compiled with 1 error in 36 ms
assets by status 1.98 KiB [cached] 1 asset
assets by path *.js 3.54 MiB
  asset bundle.js 2.46 MiB [emitted] (name: main)
  asset main.2b8fe45927b5019575c2.hot-update.js 1.08 MiB [emitted] [immutable] [hmr] (name: main)
asset main.2b8fe45927b5019575c2.hot-update.json 28 bytes [emitted] [immutable] [hmr]
Entrypoint main 3.54 MiB = bundle.js 2.46 MiB main.2b8fe45927b5019575c2.hot-update.js 1.08 MiB
cached modules 2.08 MiB [cached] 172 modules
runtime modules 28.7 KiB 15 modules
javascript modules 21.4 KiB
  modules by path ./src/pages/*.jsx 16.4 KiB
    ./src/pages/AuthorityDashboardPage.jsx 8.19 KiB [built] [code generated]
    ./src/pages/DeletedIssuesPage.jsx 8.25 KiB [built] [code generated]
  ./src/index.js 530 bytes [code generated]
  ./src/App.jsx 4.4 KiB [built] [code generated]
webpack 5.99.9 compiled successfully in 180 ms
